../Core/Src/main.c:93:6:parse_uart_command	24	static
../Core/Src/main.c:109:6:HAL_UART_RxCpltCallback	24	static
../Core/Src/main.c:146:5:main	120	static
../Core/Src/main.c:313:6:SystemClock_Config	72	static
../Core/Src/main.c:353:13:MX_I2C1_Init	8	static
../Core/Src/main.c:387:13:MX_I2C2_Init	8	static
../Core/Src/main.c:421:13:MX_SPI1_Init	8	static
../Core/Src/main.c:459:13:MX_TIM2_Init	32	static
../Core/Src/main.c:504:13:MX_USART1_UART_Init	8	static
../Core/Src/main.c:537:13:MX_GPIO_Init	40	static
../Core/Src/main.c:598:6:Error_Handler	4	static,ignoring_inline_asm
